{
  "case_id": "e02df071-72eb-45b8-9a74-e976ef62007b",
  "tx_id": "0b8c42ad-fe94-40b9-ac3b-60d6ef2848f6",
  "type": "uk.gov.ons.edc.eq:surveyresponse",
  "version": "v2",
  "data_version": "0.0.1",
  "origin": "uk.gov.ons.edc.eq",
  "collection_exercise_sid": "f29c3004-2c5d-4610-bc50-93e0aca25df8",
  "schema_name": "abs_1802",
  "flushed": false,
  "submitted_at": "2020-12-02T17:11:58.573816",
  "launch_language_code": "en",
  "survey_metadata": {
    "survey_id": "202",
    "user_id": "UNKNOWN",
    "ru_ref": "30237487572l",
    "ru_name": "ESSENTIAL ENTERPRISE LTD.",
    "period_id": "21",
    "ref_p_start_date": "2016-05-01",
    "ref_p_end_date": "2016-05-31",
    "form_type": "1802"
  },
  "data": {
    "11": "1/2/2019",
    "12": "28/3/2019",
    "399": "56123",
    "80": "Yes",
    "81": "0-9%",
    "450": "22987",
    "403": "16723",
    "420": "99883",
    "400": "12345",
    "500": "234",
    "599": "340000",
    "600": "34567",
    "699": "76543",
    "163": "23455",
    "164": "889977",
    "15": "Yes",
    "16": "Yes",
    "9": "Yes",
    "146": "my comment!"
  },
  "started_at": "2020-12-02T17:10:47.843504",
  "submission_language_code": "en"
}